Archive member included because of file (symbol)

/usr/lib/gcc/avr/4.5.3/avr25/libgcc.a(_exit.o)
                              /usr/lib/gcc/avr/4.5.3/../../../avr/lib/avr25/crttn45.o (exit)
/usr/lib/gcc/avr/4.5.3/avr25/libgcc.a(_copy_data.o)
                              ./usbdrv/usbdrv.o (__do_copy_data)
/usr/lib/gcc/avr/4.5.3/avr25/libgcc.a(_clear_bss.o)
                              ./usbdrv/usbdrv.o (__do_clear_bss)
/usr/lib/gcc/avr/4.5.3/../../../avr/lib/avr25/libc.a(eerd_byte_attiny45.o)
                              ./main.o (__eerd_byte_tn45)
/usr/lib/gcc/avr/4.5.3/../../../avr/lib/avr25/libc.a(eewr_byte_attiny45.o)
                              ./main.o (__eewr_byte_tn45)

Allocating common symbols
Common symbol       size              file

usbTxBuf            0xb               ./usbdrv/usbdrv.o
usbTxStatus1        0xc               ./usbdrv/usbdrv.o
usbDeviceAddr       0x1               ./usbdrv/usbdrv.o
usbRxToken          0x1               ./usbdrv/usbdrv.o
usbInputBufOffset   0x1               ./usbdrv/usbdrv.o
usbMsgPtr           0x2               ./usbdrv/usbdrv.o
usbRxLen            0x1               ./usbdrv/usbdrv.o
usbNewDeviceAddr    0x1               ./usbdrv/usbdrv.o
usbCurrentTok       0x1               ./usbdrv/usbdrv.o
usbConfiguration    0x1               ./usbdrv/usbdrv.o
usbRxBuf            0x16              ./usbdrv/usbdrv.o

Memory Configuration

Name             Origin             Length             Attributes
text             0x00000000         0x00002000         xr
data             0x00800060         0x0000ffa0         rw !x
eeprom           0x00810000         0x00010000         rw !x
fuse             0x00820000         0x00000400         rw !x
lock             0x00830000         0x00000400         rw !x
signature        0x00840000         0x00000400         rw !x
*default*        0x00000000         0xffffffff

Linker script and memory map

LOAD /usr/lib/gcc/avr/4.5.3/../../../avr/lib/avr25/crttn45.o
LOAD ./usbdrv/oddebug.o
LOAD ./usbdrv/usbdrv.o
LOAD ./usbdrv/usbdrvasm.o
LOAD ./main.o
LOAD /usr/lib/gcc/avr/4.5.3/avr25/libgcc.a
LOAD /usr/lib/gcc/avr/4.5.3/../../../avr/lib/avr25/libc.a
LOAD /usr/lib/gcc/avr/4.5.3/avr25/libgcc.a

.hash
 *(.hash)

.dynsym
 *(.dynsym)

.dynstr
 *(.dynstr)

.gnu.version
 *(.gnu.version)

.gnu.version_d
 *(.gnu.version_d)

.gnu.version_r
 *(.gnu.version_r)

.rel.init
 *(.rel.init)

.rela.init
 *(.rela.init)

.rel.text
 *(.rel.text)
 *(.rel.text.*)
 *(.rel.gnu.linkonce.t*)

.rela.text
 *(.rela.text)
 *(.rela.text.*)
 *(.rela.gnu.linkonce.t*)

.rel.fini
 *(.rel.fini)

.rela.fini
 *(.rela.fini)

.rel.rodata
 *(.rel.rodata)
 *(.rel.rodata.*)
 *(.rel.gnu.linkonce.r*)

.rela.rodata
 *(.rela.rodata)
 *(.rela.rodata.*)
 *(.rela.gnu.linkonce.r*)

.rel.data
 *(.rel.data)
 *(.rel.data.*)
 *(.rel.gnu.linkonce.d*)

.rela.data
 *(.rela.data)
 *(.rela.data.*)
 *(.rela.gnu.linkonce.d*)

.rel.ctors
 *(.rel.ctors)

.rela.ctors
 *(.rela.ctors)

.rel.dtors
 *(.rel.dtors)

.rela.dtors
 *(.rela.dtors)

.rel.got
 *(.rel.got)

.rela.got
 *(.rela.got)

.rel.bss
 *(.rel.bss)

.rela.bss
 *(.rela.bss)

.rel.plt
 *(.rel.plt)

.rela.plt
 *(.rela.plt)

.text           0x00000000      0x9cc
 *(.vectors)
 .vectors       0x00000000       0x1e /usr/lib/gcc/avr/4.5.3/../../../avr/lib/avr25/crttn45.o
                0x00000000                __vectors
                0x00000000                __vector_default
 *(.vectors)
 *(.progmem.gcc*)
 *(.progmem*)
 .progmem.data  0x0000001e       0x45 ./usbdrv/usbdrv.o
                0x0000001e                usbDescriptorString0
                0x00000022                usbDescriptorStringDevice
                0x00000038                usbDescriptorDevice
                0x0000004a                usbDescriptorConfiguration
                0x00000064                . = ALIGN (0x2)
 *fill*         0x00000063        0x1 00
                0x00000064                __trampolines_start = .
 *(.trampolines)
 .trampolines   0x00000064        0x0 linker stubs
 *(.trampolines*)
                0x00000064                __trampolines_end = .
 *(.jumptables)
 *(.jumptables*)
 *(.lowtext)
 *(.lowtext*)
                0x00000064                __ctors_start = .
 *(.ctors)
                0x00000064                __ctors_end = .
                0x00000064                __dtors_start = .
 *(.dtors)
                0x00000064                __dtors_end = .
 SORT(*)(.ctors)
 SORT(*)(.dtors)
 *(.init0)
 .init0         0x00000064        0x0 /usr/lib/gcc/avr/4.5.3/../../../avr/lib/avr25/crttn45.o
                0x00000064                __init
 *(.init0)
 *(.init1)
 *(.init1)
 *(.init2)
 .init2         0x00000064        0xc /usr/lib/gcc/avr/4.5.3/../../../avr/lib/avr25/crttn45.o
 *(.init2)
 *(.init3)
 *(.init3)
 *(.init4)
 .init4         0x00000070       0x16 /usr/lib/gcc/avr/4.5.3/avr25/libgcc.a(_copy_data.o)
                0x00000070                __do_copy_data
 .init4         0x00000086       0x10 /usr/lib/gcc/avr/4.5.3/avr25/libgcc.a(_clear_bss.o)
                0x00000086                __do_clear_bss
 *(.init4)
 *(.init5)
 *(.init5)
 *(.init6)
 *(.init6)
 *(.init7)
 *(.init7)
 *(.init8)
 *(.init8)
 *(.init9)
 .init9         0x00000096        0x4 /usr/lib/gcc/avr/4.5.3/../../../avr/lib/avr25/crttn45.o
 *(.init9)
 *(.text)
 .text          0x0000009a        0x2 /usr/lib/gcc/avr/4.5.3/../../../avr/lib/avr25/crttn45.o
                0x0000009a                __vector_1
                0x0000009a                __vector_12
                0x0000009a                __bad_interrupt
                0x0000009a                __vector_6
                0x0000009a                __vector_3
                0x0000009a                __vector_11
                0x0000009a                __vector_13
                0x0000009a                __vector_7
                0x0000009a                __vector_5
                0x0000009a                __vector_4
                0x0000009a                __vector_9
                0x0000009a                __vector_8
                0x0000009a                __vector_14
                0x0000009a                __vector_10
 .text          0x0000009c        0x0 ./usbdrv/oddebug.o
 .text          0x0000009c      0x2b2 ./usbdrv/usbdrv.o
                0x0000009c                usbSetInterrupt
                0x000000e8                usbPoll
                0x00000338                usbInit
 .text          0x0000034e      0x314 ./usbdrv/usbdrvasm.o
                0x0000034e                usbCrc16
                0x00000378                usbCrc16Append
                0x00000380                usbMeasureFrameLength
                0x000003a6                __vector_2
 .text          0x00000662      0x33a ./main.o
                0x00000706                usbFunctionRead
                0x00000748                usbFunctionWrite
                0x000007e2                usbFunctionSetup
                0x000008d2                usbEventResetReady
                0x00000958                main
 .text          0x0000099c        0x0 /usr/lib/gcc/avr/4.5.3/avr25/libgcc.a(_exit.o)
 .text          0x0000099c        0x0 /usr/lib/gcc/avr/4.5.3/avr25/libgcc.a(_copy_data.o)
 .text          0x0000099c        0x0 /usr/lib/gcc/avr/4.5.3/avr25/libgcc.a(_clear_bss.o)
 .text          0x0000099c        0x0 /usr/lib/gcc/avr/4.5.3/../../../avr/lib/avr25/libc.a(eerd_byte_attiny45.o)
 .text          0x0000099c        0x0 /usr/lib/gcc/avr/4.5.3/../../../avr/lib/avr25/libc.a(eewr_byte_attiny45.o)
                0x0000099c                . = ALIGN (0x2)
 *(.text.*)
 .text.libgcc   0x0000099c        0x0 /usr/lib/gcc/avr/4.5.3/avr25/libgcc.a(_exit.o)
 .text.libgcc   0x0000099c        0x0 /usr/lib/gcc/avr/4.5.3/avr25/libgcc.a(_copy_data.o)
 .text.libgcc   0x0000099c        0x0 /usr/lib/gcc/avr/4.5.3/avr25/libgcc.a(_clear_bss.o)
 .text.avr-libc
                0x0000099c       0x10 /usr/lib/gcc/avr/4.5.3/../../../avr/lib/avr25/libc.a(eerd_byte_attiny45.o)
                0x0000099c                __eerd_byte_tn45
 .text.avr-libc
                0x000009ac       0x1c /usr/lib/gcc/avr/4.5.3/../../../avr/lib/avr25/libc.a(eewr_byte_attiny45.o)
                0x000009ac                __eewr_byte_tn45
                0x000009ae                __eewr_r18_tn45
                0x000009c8                . = ALIGN (0x2)
 *(.fini9)
 .fini9         0x000009c8        0x0 /usr/lib/gcc/avr/4.5.3/avr25/libgcc.a(_exit.o)
                0x000009c8                exit
                0x000009c8                _exit
 *(.fini9)
 *(.fini8)
 *(.fini8)
 *(.fini7)
 *(.fini7)
 *(.fini6)
 *(.fini6)
 *(.fini5)
 *(.fini5)
 *(.fini4)
 *(.fini4)
 *(.fini3)
 *(.fini3)
 *(.fini2)
 *(.fini2)
 *(.fini1)
 *(.fini1)
 *(.fini0)
 .fini0         0x000009c8        0x4 /usr/lib/gcc/avr/4.5.3/avr25/libgcc.a(_exit.o)
 *(.fini0)
                0x000009cc                _etext = .

.data           0x00800060        0x4 load address 0x000009cc
                0x00800060                PROVIDE (__data_start, .)
 *(.data)
 .data          0x00800060        0x0 /usr/lib/gcc/avr/4.5.3/../../../avr/lib/avr25/crttn45.o
 .data          0x00800060        0x0 ./usbdrv/oddebug.o
 .data          0x00800060        0x2 ./usbdrv/usbdrv.o
                0x00800060                usbTxLen
 .data          0x00800062        0x0 ./usbdrv/usbdrvasm.o
 .data          0x00800062        0x1 ./main.o
 .data          0x00800063        0x0 /usr/lib/gcc/avr/4.5.3/avr25/libgcc.a(_exit.o)
 .data          0x00800063        0x0 /usr/lib/gcc/avr/4.5.3/avr25/libgcc.a(_copy_data.o)
 .data          0x00800063        0x0 /usr/lib/gcc/avr/4.5.3/avr25/libgcc.a(_clear_bss.o)
 .data          0x00800063        0x0 /usr/lib/gcc/avr/4.5.3/../../../avr/lib/avr25/libc.a(eerd_byte_attiny45.o)
 .data          0x00800063        0x0 /usr/lib/gcc/avr/4.5.3/../../../avr/lib/avr25/libc.a(eewr_byte_attiny45.o)
 *(.data*)
 *(.rodata)
 *(.rodata*)
 *(.gnu.linkonce.d*)
                0x00800064                . = ALIGN (0x2)
 *fill*         0x00800063        0x1 00
                0x00800064                _edata = .
                0x00800064                PROVIDE (__data_end, .)

.bss            0x00800064       0x47
                0x00800064                PROVIDE (__bss_start, .)
 *(.bss)
 .bss           0x00800064        0x0 /usr/lib/gcc/avr/4.5.3/../../../avr/lib/avr25/crttn45.o
 .bss           0x00800064        0x0 ./usbdrv/oddebug.o
 .bss           0x00800064        0x2 ./usbdrv/usbdrv.o
 .bss           0x00800066        0x0 ./usbdrv/usbdrvasm.o
 .bss           0x00800066        0xf ./main.o
 .bss           0x00800075        0x0 /usr/lib/gcc/avr/4.5.3/avr25/libgcc.a(_exit.o)
 .bss           0x00800075        0x0 /usr/lib/gcc/avr/4.5.3/avr25/libgcc.a(_copy_data.o)
 .bss           0x00800075        0x0 /usr/lib/gcc/avr/4.5.3/avr25/libgcc.a(_clear_bss.o)
 .bss           0x00800075        0x0 /usr/lib/gcc/avr/4.5.3/../../../avr/lib/avr25/libc.a(eerd_byte_attiny45.o)
 .bss           0x00800075        0x0 /usr/lib/gcc/avr/4.5.3/../../../avr/lib/avr25/libc.a(eewr_byte_attiny45.o)
 *(.bss*)
 *(COMMON)
 COMMON         0x00800075       0x36 ./usbdrv/usbdrv.o
                0x00800075                usbTxBuf
                0x00800080                usbTxStatus1
                0x0080008c                usbDeviceAddr
                0x0080008d                usbRxToken
                0x0080008e                usbInputBufOffset
                0x0080008f                usbMsgPtr
                0x00800091                usbRxLen
                0x00800092                usbNewDeviceAddr
                0x00800093                usbCurrentTok
                0x00800094                usbConfiguration
                0x00800095                usbRxBuf
                0x008000ab                PROVIDE (__bss_end, .)
                0x000009cc                __data_load_start = LOADADDR (.data)
                0x000009d0                __data_load_end = (__data_load_start + SIZEOF (.data))

.noinit         0x008000ab        0x0
                0x008000ab                PROVIDE (__noinit_start, .)
 *(.noinit*)
                0x008000ab                PROVIDE (__noinit_end, .)
                0x008000ab                _end = .
                0x008000ab                PROVIDE (__heap_start, .)

.eeprom         0x00810000        0x0
 *(.eeprom*)
                0x00810000                __eeprom_end = .

.fuse
 *(.fuse)
 *(.lfuse)
 *(.hfuse)
 *(.efuse)

.lock
 *(.lock*)

.signature
 *(.signature*)

.stab           0x00000000      0x840
 *(.stab)
 .stab          0x00000000      0x6cc /usr/lib/gcc/avr/4.5.3/../../../avr/lib/avr25/crttn45.o
 .stab          0x000006cc       0x90 /usr/lib/gcc/avr/4.5.3/../../../avr/lib/avr25/libc.a(eerd_byte_attiny45.o)
                                 0x9c (size before relaxing)
 .stab          0x0000075c       0xe4 /usr/lib/gcc/avr/4.5.3/../../../avr/lib/avr25/libc.a(eewr_byte_attiny45.o)
                                 0xf0 (size before relaxing)

.stabstr        0x00000000       0xb2
 *(.stabstr)
 .stabstr       0x00000000       0xb2 /usr/lib/gcc/avr/4.5.3/../../../avr/lib/avr25/crttn45.o

.stab.excl
 *(.stab.excl)

.stab.exclstr
 *(.stab.exclstr)

.stab.index
 *(.stab.index)

.stab.indexstr
 *(.stab.indexstr)

.comment
 *(.comment)

.debug
 *(.debug)

.line
 *(.line)

.debug_srcinfo
 *(.debug_srcinfo)

.debug_sfnames
 *(.debug_sfnames)

.debug_aranges
 *(.debug_aranges)

.debug_pubnames
 *(.debug_pubnames)

.debug_info
 *(.debug_info)
 *(.gnu.linkonce.wi.*)

.debug_abbrev
 *(.debug_abbrev)

.debug_line
 *(.debug_line)

.debug_frame
 *(.debug_frame)

.debug_str
 *(.debug_str)

.debug_loc
 *(.debug_loc)

.debug_macinfo
 *(.debug_macinfo)
OUTPUT(EtherProg.elf elf32-avr)
LOAD linker stubs
